
> letcon@1.0.0 build
> vite build

[36mvite v6.4.3 [32mbuilding for production...[36m[39m
transforming...
[32m✓[39m 1249 modules transformed.
rendering chunks...
computing gzip size...
[2mdist/[22m[32mindex.html                     [39m[1m[2m  1.45 kB[22m[1m[22m[2m │ gzip:   0.61 kB[22m
[2mdist/[22m[35massets/index-BAMyVihz.css      [39m[1m[2m 58.12 kB[22m[1m[22m[2m │ gzip:   8.29 kB[22m
[2mdist/[22m[36massets/vendor-Dlzw-yq4.js      [39m[1m[2m 49.73 kB[22m[1m[22m[2m │ gzip:  17.56 kB[22m
[2mdist/[22m[36massets/forms-BeQkYooU.js       [39m[1m[2m 82.38 kB[22m[1m[22m[2m │ gzip:  22.67 kB[22m
[2mdist/[22m[36massets/animations-EbNO8q-V.js  [39m[1m[2m115.10 kB[22m[1m[22m[2m │ gzip:  38.14 kB[22m
[2mdist/[22m[36massets/charts-hRa7OZrN.js      [39m[1m[2m409.79 kB[22m[1m[22m[2m │ gzip: 111.03 kB[22m
[2mdist/[22m[36massets/index-DKgF9DJa.js       [39m[1m[2m529.03 kB[22m[1m[22m[2m │ gzip: 148.74 kB[22m
[2mdist/[22m[36massets/firebase-Dn_XzKmT.js    [39m[1m[2m673.40 kB[22m[1m[22m[2m │ gzip: 156.56 kB[22m
[32m✓ built in 38.67s[39m
